To honour the JVM settings for this build a single-use Daemon process will be forked. For more on this, please refer to https://docs.gradle.org/9.2.1/userguide/gradle_daemon.html#sec:disabling_the_daemon in the Gradle documentation.
Daemon will be stopped at the end of the build 
> Task :clean

> Task :createMinecraftArtifacts
Loaded 145 artifacts from C:\Users\Jimmy\Documents\github\Arcadia-RsPolymorph\build\tmp\createMinecraftArtifacts\nfrt_artifact_manifest.properties
[1m*** Started working on [4mdownloadJson[0m[0m
 [1m[92mDONE [0m Completed [4mdownloadJson[0m in 0.02s
[1m*** Started working on [4mdownloadServer[0m[0m
[1m*** Started working on [4mdownloadClientMappings[0m[0m
[1m*** Started working on [4mdownloadClient[0m[0m
 [1m[92mDONE [0m Completed [4mdownloadClient[0m in 0.03s
 [1m[92mDONE [0m Completed [4mdownloadServer[0m in 0.03s
 [1m[92mDONE [0m Completed [4mdownloadClientMappings[0m in 0.03s
[1m*** Started working on [4mmergeMappings[0m[0m
 [1m[92mREUSE[0m Used cache of [4mmergeMappings[0m in 0.00s
[1m*** Started working on [4mstripClient[0m[0m
 [1m[92mREUSE[0m Used cache of [4mstripClient[0m in 0.00s
[1m*** Started working on [4mextractServer[0m[0m
 [1m[92mREUSE[0m Used cache of [4mextractServer[0m in 0.00s
[1m*** Started working on [4mstripServer[0m[0m
 [1m[92mREUSE[0m Used cache of [4mstripServer[0m in 0.00s
[1m*** Started working on [4mmerge[0m[0m
 [1m[92mREUSE[0m Used cache of [4mmerge[0m in 0.00s
[1m*** Started working on [4mrename[0m[0m
 [1m[92mREUSE[0m Used cache of [4mrename[0m in 0.00s
[1m*** Started working on [4mdecompile[0m[0m
 [1m[92mREUSE[0m Used cache of [4mdecompile[0m in 0.00s
[1m*** Started working on [4minject[0m[0m
 [1m[92mREUSE[0m Used cache of [4minject[0m in 0.00s
[1m*** Started working on [4mpatch[0m[0m
 [1m[92mREUSE[0m Used cache of [4mpatch[0m in 0.00s
[1m*** Started working on [4mapplyNeoforgePatches[0m[0m
 [1m[92mREUSE[0m Used cache of [4mapplyNeoforgePatches[0m in 0.00s
[1m*** Started working on [4mtransformSources[0m[0m
 [1m[92mREUSE[0m Used cache of [4mtransformSources[0m in 0.00s
[1m*** Started working on [4mrecompile[0m[0m
 [1m[92mREUSE[0m Used cache of [4mrecompile[0m in 0.00s
[1m*** Started working on [4msourcesWithNeoForge[0m[0m
 [1m[92mREUSE[0m Used cache of [4msourcesWithNeoForge[0m in 0.00s
[1m*** Started working on [4mcompiledWithNeoForge[0m[0m
 [1m[92mREUSE[0m Used cache of [4mcompiledWithNeoForge[0m in 0.00s
[1m*** Started working on [4msourcesAndCompiledWithNeoForge[0m[0m
 [1m[92mREUSE[0m Used cache of [4msourcesAndCompiledWithNeoForge[0m in 0.00s
Total runtime: 1.21s


> Task :compileJava
.\gradlew.bat : C:\User
s\Jimmy\Documents\githu
b\Arcadia-RsPolymorph\s
rc\main\java\com\vyrrio
x\rspolymorph\RsPolymor
ph.java:4: error: 
cannot find symbol
Au caractère Ligne:1 : 
1
+ .\gradlew.bat clean 
compileJava 
--no-daemon --no-config
uration-cache  ...
+ ~~~~~~~~~~~~~~~~~~~~~
~~~~~~~~~~~~~~~~~~~~~~~
~~~~~~~~~~~~~~~~~~~~~~~
~~
    + CategoryInfo     
         : NotSpecifi  
  ed: (C:\Users\Jimm   
 y\...not find symb    
ol:String) [], Rem    
oteException
    + FullyQualifiedEr 
   rorId : NativeComm  
  andError
 
import com.illusivesoul
works.polymorph.api.cli
ent.PlayerRecipesWidget
;
                       
                       
   ^
  symbol:   class 
PlayerRecipesWidget
  location: package com
.illusivesoulworks.poly
morph.api.client
warning: unknown enum 
constant Status.STABLE
  reason: class file 
for org.apiguardian.api
.API$Status not found
warning: unknown enum 
constant Status.STABLE
warning: unknown enum 
constant Status.STABLE
warning: unknown enum 
constant Status.STABLE
warning: unknown enum 
constant Status.STABLE
C:\Users\Jimmy\Document
s\github\Arcadia-RsPoly
morph\src\main\java\com
\vyrriox\rspolymorph\Rs
Polymorph.java:58: 
error: cannot find 
symbol
            CraftingGri
dBlockEntity.TYPE,
                       
            ^
  symbol:   variable 
TYPE
  location: class 
CraftingGridBlockEntity
C:\Users\Jimmy\Document
s\github\Arcadia-RsPoly
morph\src\main\java\com
\vyrriox\rspolymorph\Rs
Polymorph.java:57: 
error: cannot find 
symbol
            PolymorphAp
i.getInstance().getBloc
kEntityRecipeDataCapabi
lity(),
                       
               ^
  symbol:   method getB
lockEntityRecipeDataCap
ability()
  location: class 
PolymorphApi
C:\Users\Jimmy\Document
s\github\Arcadia-RsPoly
morph\src\main\java\com
\vyrriox\rspolymorph\Rs
Polymorph.java:63: 
error: cannot find 
symbol
            PatternGrid
BlockEntity.TYPE,
                       
           ^
  symbol:   variable 
TYPE
  location: class 
PatternGridBlockEntity
C:\Users\Jimmy\Document
s\github\Arcadia-RsPoly
morph\src\main\java\com
\vyrriox\rspolymorph\Rs
Polymorph.java:62: 
error: cannot find 
symbol
            PolymorphAp
i.getInstance().getBloc
kEntityRecipeDataCapabi
lity(),
                       
               ^
  symbol:   method getB
lockEntityRecipeDataCap
ability()
  location: class 
PolymorphApi
C:\Users\Jimmy\Document
s\github\Arcadia-RsPoly
morph\src\main\java\com
\vyrriox\rspolymorph\Rs
Polymorph.java:111: 
error: cannot find 
symbol
        com.illusivesou
lworks.polymorph.api.cl
ient.NeoForgePolymorphC
lientApi.getInstance().
getRecipeWidgetRegistry
().register(screen -> {
                       
                       
    ^
  symbol:   class NeoFo
rgePolymorphClientApi
  location: package com
.illusivesoulworks.poly
morph.api.client
C:\Users\Jimmy\Document
s\github\Arcadia-RsPoly
morph\src\main\java\com
\vyrriox\rspolymorph\Rs
Polymorph.java:118: 
error: cannot find 
symbol
                       
  return new PlayerReci
pesWidget(screen, 
slot);
                       
             ^
  symbol:   class 
PlayerRecipesWidget
  location: class 
RsPolymorph
Note: C:\Users\Jimmy\Do
cuments\github\Arcadia-
RsPolymorph\src\main\ja
va\com\vyrriox\rspolymo
rph\mixin\MixinRecipeMa
trix.java uses 
unchecked or unsafe 
operations.
Note: Recompile with 
-Xlint:unchecked for 
details.
7 errors
5 warnings

> Task :compileJava FAILED

[Incubating] Problems report is available at: file:///C:/Users/Jimmy/Documents/github/Arcadia-RsPolymorph/build/reports/problems/problems-report.html

FAILURE: Build failed 
with an exception.

* What went wrong:
Execution failed for 
task ':compileJava'.
> Compilation failed; 
see the compiler 
output below.
  warning: unknown 
enum constant 
Status.STABLE
    reason: class file 
for org.apiguardian.api
.API$Status not found
  warning: unknown 
enum constant 
Status.STABLE
  Note: C:\Users\Jimmy\
Documents\github\Arcadi
a-RsPolymorph\src\main\
java\com\vyrriox\rspoly
morph\mixin\MixinRecipe
Matrix.java uses 
unchecked or unsafe 
operations.
  C:\Users\Jimmy\Docume
nts\github\Arcadia-RsPo
lymorph\src\main\java\c
om\vyrriox\rspolymorph\
RsPolymorph.java:4: 
error: cannot find 
symbol
  import com.illusiveso
ulworks.polymorph.api.c
lient.PlayerRecipesWidg
et;
                       
                       
     ^
    symbol:   class 
PlayerRecipesWidget
    location: package c
om.illusivesoulworks.po
lymorph.api.client
  C:\Users\Jimmy\Docume
nts\github\Arcadia-RsPo
lymorph\src\main\java\c
om\vyrriox\rspolymorph\
RsPolymorph.java:58: 
error: cannot find 
symbol
              CraftingG
ridBlockEntity.TYPE,
                       
              ^
    symbol:   variable 
TYPE
    location: class 
CraftingGridBlockEntity
  C:\Users\Jimmy\Docume
nts\github\Arcadia-RsPo
lymorph\src\main\java\c
om\vyrriox\rspolymorph\
RsPolymorph.java:63: 
error: cannot find 
symbol
              PatternGr
idBlockEntity.TYPE,
                       
             ^
    symbol:   variable 
TYPE
    location: class 
PatternGridBlockEntity
  C:\Users\Jimmy\Docume
nts\github\Arcadia-RsPo
lymorph\src\main\java\c
om\vyrriox\rspolymorph\
RsPolymorph.java:111: 
error: cannot find 
symbol
          com.illusives
oulworks.polymorph.api.
client.NeoForgePolymorp
hClientApi.getInstance(
).getRecipeWidgetRegist
ry().register(screen 
-> {
                       
                       
      ^
    symbol:   class Neo
ForgePolymorphClientApi
    location: package c
om.illusivesoulworks.po
lymorph.api.client
  C:\Users\Jimmy\Docume
nts\github\Arcadia-RsPo
lymorph\src\main\java\c
om\vyrriox\rspolymorph\
RsPolymorph.java:118: 
error: cannot find 
symbol
                       
    return new PlayerRe
cipesWidget(screen, 
slot);
                       
               ^
    symbol:   class 
PlayerRecipesWidget
    location: class 
RsPolymorph
  Note: Recompile with 
-Xlint:unchecked for 
details.
  C:\Users\Jimmy\Docume
nts\github\Arcadia-RsPo
lymorph\src\main\java\c
om\vyrriox\rspolymorph\
RsPolymorph.java:57: 
error: cannot find 
symbol
              Polymorph
Api.getInstance().getBl
ockEntityRecipeDataCapa
bility(),
                       
                 ^
    symbol:   method ge
tBlockEntityRecipeDataC
apability()
    location: class 
PolymorphApi
  C:\Users\Jimmy\Docume
nts\github\Arcadia-RsPo
lymorph\src\main\java\c
om\vyrriox\rspolymorph\
RsPolymorph.java:62: 
error: cannot find 
symbol
              Polymorph
Api.getInstance().getBl
ockEntityRecipeDataCapa
bility(),
                       
                 ^
    symbol:   method ge
tBlockEntityRecipeDataC
apability()
    location: class 
PolymorphApi
  7 errors
  5 warnings

* Try:
> Check your code and 
dependencies to fix 
the compilation 
error(s)
> Run with --scan to 
generate a Build Scan 
(powered by 
Develocity).

Deprecated Gradle features were used in this build, making it incompatible with Gradle 10.

You can use '--warning-mode all' to show the individual deprecation warnings and determine if they come from your own scripts or plugins.

For more on this, please refer to https://docs.gradle.org/9.2.1/userguide/command_line_interface.html#sec:command_line_warnings in the Gradle documentation.

BUILD FAILED in 12s
3 actionable tasks: 3 executed
